WARNING: 2025-06-20 01:05:03,887 | salary_calculator | Message: Salary for Employee nes for 6/2025 already paid!
ERROR: 2025-06-22 21:42:55,525 | signals | Message: Error while process request /en/accounts/login/: 
Traceback (most recent call last):
  File "/Users/olgafilova/Library/Caches/pypoetry/virtualenvs/djangohillel-FtsM99w_-py3.12/lib/python3.12/site-packages/django/core/handlers/exception.py", line 55, in inner
    response = get_response(request)
               ^^^^^^^^^^^^^^^^^^^^^
  File "/Users/olgafilova/Library/Caches/pypoetry/virtualenvs/djangohillel-FtsM99w_-py3.12/lib/python3.12/site-packages/django/core/handlers/base.py", line 220, in _get_response
    response = response.render()
               ^^^^^^^^^^^^^^^^^
  File "/Users/olgafilova/Library/Caches/pypoetry/virtualenvs/djangohillel-FtsM99w_-py3.12/lib/python3.12/site-packages/django/template/response.py", line 114, in render
    self.content = self.rendered_content
                   ^^^^^^^^^^^^^^^^^^^^^
  File "/Users/olgafilova/Library/Caches/pypoetry/virtualenvs/djangohillel-FtsM99w_-py3.12/lib/python3.12/site-packages/django/template/response.py", line 92, in rendered_content
    return template.render(context, self._request)
           ^^^^^^^^^^^^^^^^^^^^^^^^^^^^^^^^^^^^^^^
  File "/Users/olgafilova/Library/Caches/pypoetry/virtualenvs/djangohillel-FtsM99w_-py3.12/lib/python3.12/site-packages/django/template/backends/django.py", line 107, in render
    return self.template.render(context)
           ^^^^^^^^^^^^^^^^^^^^^^^^^^^^^
  File "/Users/olgafilova/Library/Caches/pypoetry/virtualenvs/djangohillel-FtsM99w_-py3.12/lib/python3.12/site-packages/django/template/base.py", line 171, in render
    return self._render(context)
           ^^^^^^^^^^^^^^^^^^^^^
  File "/Users/olgafilova/Library/Caches/pypoetry/virtualenvs/djangohillel-FtsM99w_-py3.12/lib/python3.12/site-packages/django/template/base.py", line 163, in _render
    return self.nodelist.render(context)
           ^^^^^^^^^^^^^^^^^^^^^^^^^^^^^
  File "/Users/olgafilova/Library/Caches/pypoetry/virtualenvs/djangohillel-FtsM99w_-py3.12/lib/python3.12/site-packages/django/template/base.py", line 1016, in render
    return SafeString("".join([node.render_annotated(context) for node in self]))
                               ^^^^^^^^^^^^^^^^^^^^^^^^^^^^^^
  File "/Users/olgafilova/Library/Caches/pypoetry/virtualenvs/djangohillel-FtsM99w_-py3.12/lib/python3.12/site-packages/django/template/base.py", line 977, in render_annotated
    return self.render(context)
           ^^^^^^^^^^^^^^^^^^^^
  File "/Users/olgafilova/Library/Caches/pypoetry/virtualenvs/djangohillel-FtsM99w_-py3.12/lib/python3.12/site-packages/django/template/loader_tags.py", line 159, in render
    return compiled_parent._render(context)
           ^^^^^^^^^^^^^^^^^^^^^^^^^^^^^^^^
  File "/Users/olgafilova/Library/Caches/pypoetry/virtualenvs/djangohillel-FtsM99w_-py3.12/lib/python3.12/site-packages/django/template/base.py", line 163, in _render
    return self.nodelist.render(context)
           ^^^^^^^^^^^^^^^^^^^^^^^^^^^^^
  File "/Users/olgafilova/Library/Caches/pypoetry/virtualenvs/djangohillel-FtsM99w_-py3.12/lib/python3.12/site-packages/django/template/base.py", line 1016, in render
    return SafeString("".join([node.render_annotated(context) for node in self]))
                               ^^^^^^^^^^^^^^^^^^^^^^^^^^^^^^
  File "/Users/olgafilova/Library/Caches/pypoetry/virtualenvs/djangohillel-FtsM99w_-py3.12/lib/python3.12/site-packages/django/template/base.py", line 977, in render_annotated
    return self.render(context)
           ^^^^^^^^^^^^^^^^^^^^
  File "/Users/olgafilova/Library/Caches/pypoetry/virtualenvs/djangohillel-FtsM99w_-py3.12/lib/python3.12/site-packages/django/template/loader_tags.py", line 65, in render
    result = block.nodelist.render(context)
             ^^^^^^^^^^^^^^^^^^^^^^^^^^^^^^
  File "/Users/olgafilova/Library/Caches/pypoetry/virtualenvs/djangohillel-FtsM99w_-py3.12/lib/python3.12/site-packages/django/template/base.py", line 1016, in render
    return SafeString("".join([node.render_annotated(context) for node in self]))
                               ^^^^^^^^^^^^^^^^^^^^^^^^^^^^^^
  File "/Users/olgafilova/Library/Caches/pypoetry/virtualenvs/djangohillel-FtsM99w_-py3.12/lib/python3.12/site-packages/django/template/base.py", line 977, in render_annotated
    return self.render(context)
           ^^^^^^^^^^^^^^^^^^^^
  File "/Users/olgafilova/Library/Caches/pypoetry/virtualenvs/djangohillel-FtsM99w_-py3.12/lib/python3.12/site-packages/django/template/defaulttags.py", line 480, in render
    url = reverse(view_name, args=args, kwargs=kwargs, current_app=current_app)
          ^^^^^^^^^^^^^^^^^^^^^^^^^^^^^^^^^^^^^^^^^^^^^^^^^^^^^^^^^^^^^^^^^^^^^
  File "/Users/olgafilova/Library/Caches/pypoetry/virtualenvs/djangohillel-FtsM99w_-py3.12/lib/python3.12/site-packages/django/urls/base.py", line 98, in reverse
    resolved_url = resolver._reverse_with_prefix(view, prefix, *args, **kwargs)
                   ^^^^^^^^^^^^^^^^^^^^^^^^^^^^^^^^^^^^^^^^^^^^^^^^^^^^^^^^^^^^
  File "/Users/olgafilova/Library/Caches/pypoetry/virtualenvs/djangohillel-FtsM99w_-py3.12/lib/python3.12/site-packages/django/urls/resolvers.py", line 831, in _reverse_with_prefix
    raise NoReverseMatch(msg)
django.urls.exceptions.NoReverseMatch: Reverse for 'password_reset' not found. 'password_reset' is not a valid view function or pattern name.
ERROR: 2025-06-22 21:43:17,146 | signals | Message: Error while process request /en/accounts/login/: 
Traceback (most recent call last):
  File "/Users/olgafilova/Library/Caches/pypoetry/virtualenvs/djangohillel-FtsM99w_-py3.12/lib/python3.12/site-packages/django/core/handlers/exception.py", line 55, in inner
    response = get_response(request)
               ^^^^^^^^^^^^^^^^^^^^^
  File "/Users/olgafilova/Library/Caches/pypoetry/virtualenvs/djangohillel-FtsM99w_-py3.12/lib/python3.12/site-packages/django/core/handlers/base.py", line 220, in _get_response
    response = response.render()
               ^^^^^^^^^^^^^^^^^
  File "/Users/olgafilova/Library/Caches/pypoetry/virtualenvs/djangohillel-FtsM99w_-py3.12/lib/python3.12/site-packages/django/template/response.py", line 114, in render
    self.content = self.rendered_content
                   ^^^^^^^^^^^^^^^^^^^^^
  File "/Users/olgafilova/Library/Caches/pypoetry/virtualenvs/djangohillel-FtsM99w_-py3.12/lib/python3.12/site-packages/django/template/response.py", line 92, in rendered_content
    return template.render(context, self._request)
           ^^^^^^^^^^^^^^^^^^^^^^^^^^^^^^^^^^^^^^^
  File "/Users/olgafilova/Library/Caches/pypoetry/virtualenvs/djangohillel-FtsM99w_-py3.12/lib/python3.12/site-packages/django/template/backends/django.py", line 107, in render
    return self.template.render(context)
           ^^^^^^^^^^^^^^^^^^^^^^^^^^^^^
  File "/Users/olgafilova/Library/Caches/pypoetry/virtualenvs/djangohillel-FtsM99w_-py3.12/lib/python3.12/site-packages/django/template/base.py", line 171, in render
    return self._render(context)
           ^^^^^^^^^^^^^^^^^^^^^
  File "/Users/olgafilova/Library/Caches/pypoetry/virtualenvs/djangohillel-FtsM99w_-py3.12/lib/python3.12/site-packages/django/template/base.py", line 163, in _render
    return self.nodelist.render(context)
           ^^^^^^^^^^^^^^^^^^^^^^^^^^^^^
  File "/Users/olgafilova/Library/Caches/pypoetry/virtualenvs/djangohillel-FtsM99w_-py3.12/lib/python3.12/site-packages/django/template/base.py", line 1016, in render
    return SafeString("".join([node.render_annotated(context) for node in self]))
                               ^^^^^^^^^^^^^^^^^^^^^^^^^^^^^^
  File "/Users/olgafilova/Library/Caches/pypoetry/virtualenvs/djangohillel-FtsM99w_-py3.12/lib/python3.12/site-packages/django/template/base.py", line 977, in render_annotated
    return self.render(context)
           ^^^^^^^^^^^^^^^^^^^^
  File "/Users/olgafilova/Library/Caches/pypoetry/virtualenvs/djangohillel-FtsM99w_-py3.12/lib/python3.12/site-packages/django/template/loader_tags.py", line 159, in render
    return compiled_parent._render(context)
           ^^^^^^^^^^^^^^^^^^^^^^^^^^^^^^^^
  File "/Users/olgafilova/Library/Caches/pypoetry/virtualenvs/djangohillel-FtsM99w_-py3.12/lib/python3.12/site-packages/django/template/base.py", line 163, in _render
    return self.nodelist.render(context)
           ^^^^^^^^^^^^^^^^^^^^^^^^^^^^^
  File "/Users/olgafilova/Library/Caches/pypoetry/virtualenvs/djangohillel-FtsM99w_-py3.12/lib/python3.12/site-packages/django/template/base.py", line 1016, in render
    return SafeString("".join([node.render_annotated(context) for node in self]))
                               ^^^^^^^^^^^^^^^^^^^^^^^^^^^^^^
  File "/Users/olgafilova/Library/Caches/pypoetry/virtualenvs/djangohillel-FtsM99w_-py3.12/lib/python3.12/site-packages/django/template/base.py", line 977, in render_annotated
    return self.render(context)
           ^^^^^^^^^^^^^^^^^^^^
  File "/Users/olgafilova/Library/Caches/pypoetry/virtualenvs/djangohillel-FtsM99w_-py3.12/lib/python3.12/site-packages/django/template/loader_tags.py", line 65, in render
    result = block.nodelist.render(context)
             ^^^^^^^^^^^^^^^^^^^^^^^^^^^^^^
  File "/Users/olgafilova/Library/Caches/pypoetry/virtualenvs/djangohillel-FtsM99w_-py3.12/lib/python3.12/site-packages/django/template/base.py", line 1016, in render
    return SafeString("".join([node.render_annotated(context) for node in self]))
                               ^^^^^^^^^^^^^^^^^^^^^^^^^^^^^^
  File "/Users/olgafilova/Library/Caches/pypoetry/virtualenvs/djangohillel-FtsM99w_-py3.12/lib/python3.12/site-packages/django/template/base.py", line 977, in render_annotated
    return self.render(context)
           ^^^^^^^^^^^^^^^^^^^^
  File "/Users/olgafilova/Library/Caches/pypoetry/virtualenvs/djangohillel-FtsM99w_-py3.12/lib/python3.12/site-packages/django/template/defaulttags.py", line 480, in render
    url = reverse(view_name, args=args, kwargs=kwargs, current_app=current_app)
          ^^^^^^^^^^^^^^^^^^^^^^^^^^^^^^^^^^^^^^^^^^^^^^^^^^^^^^^^^^^^^^^^^^^^^
  File "/Users/olgafilova/Library/Caches/pypoetry/virtualenvs/djangohillel-FtsM99w_-py3.12/lib/python3.12/site-packages/django/urls/base.py", line 98, in reverse
    resolved_url = resolver._reverse_with_prefix(view, prefix, *args, **kwargs)
                   ^^^^^^^^^^^^^^^^^^^^^^^^^^^^^^^^^^^^^^^^^^^^^^^^^^^^^^^^^^^^
  File "/Users/olgafilova/Library/Caches/pypoetry/virtualenvs/djangohillel-FtsM99w_-py3.12/lib/python3.12/site-packages/django/urls/resolvers.py", line 831, in _reverse_with_prefix
    raise NoReverseMatch(msg)
django.urls.exceptions.NoReverseMatch: Reverse for 'password_reset' not found. 'password_reset' is not a valid view function or pattern name.
