INFO: 2025-06-24 20:13:23,525 | generic_views | Message: Render employees list for user AnonymousUser
ERROR: 2025-06-24 20:13:23,549 | signals | Message: Error while process request /en/app/employees/: 
Traceback (most recent call last):
  File "/Users/olgafilova/Library/Caches/pypoetry/virtualenvs/djangohillel-FtsM99w_-py3.12/lib/python3.12/site-packages/django/db/backends/utils.py", line 105, in _execute
    return self.cursor.execute(sql, params)
           ^^^^^^^^^^^^^^^^^^^^^^^^^^^^^^^^
  File "/Users/olgafilova/Library/Caches/pypoetry/virtualenvs/djangohillel-FtsM99w_-py3.12/lib/python3.12/site-packages/django/db/backends/sqlite3/base.py", line 360, in execute
    return super().execute(query, params)
           ^^^^^^^^^^^^^^^^^^^^^^^^^^^^^^
sqlite3.OperationalError: no such table: first_app_employee

The above exception was the direct cause of the following exception:

Traceback (most recent call last):
  File "/Users/olgafilova/Library/Caches/pypoetry/virtualenvs/djangohillel-FtsM99w_-py3.12/lib/python3.12/site-packages/django/core/handlers/exception.py", line 55, in inner
    response = get_response(request)
               ^^^^^^^^^^^^^^^^^^^^^
  File "/Users/olgafilova/Library/Caches/pypoetry/virtualenvs/djangohillel-FtsM99w_-py3.12/lib/python3.12/site-packages/django/core/handlers/base.py", line 220, in _get_response
    response = response.render()
               ^^^^^^^^^^^^^^^^^
  File "/Users/olgafilova/Library/Caches/pypoetry/virtualenvs/djangohillel-FtsM99w_-py3.12/lib/python3.12/site-packages/django/template/response.py", line 114, in render
    self.content = self.rendered_content
                   ^^^^^^^^^^^^^^^^^^^^^
  File "/Users/olgafilova/Library/Caches/pypoetry/virtualenvs/djangohillel-FtsM99w_-py3.12/lib/python3.12/site-packages/django/template/response.py", line 92, in rendered_content
    return template.render(context, self._request)
           ^^^^^^^^^^^^^^^^^^^^^^^^^^^^^^^^^^^^^^^
  File "/Users/olgafilova/Library/Caches/pypoetry/virtualenvs/djangohillel-FtsM99w_-py3.12/lib/python3.12/site-packages/django/template/backends/django.py", line 107, in render
    return self.template.render(context)
           ^^^^^^^^^^^^^^^^^^^^^^^^^^^^^
  File "/Users/olgafilova/Library/Caches/pypoetry/virtualenvs/djangohillel-FtsM99w_-py3.12/lib/python3.12/site-packages/django/template/base.py", line 171, in render
    return self._render(context)
           ^^^^^^^^^^^^^^^^^^^^^
  File "/Users/olgafilova/Library/Caches/pypoetry/virtualenvs/djangohillel-FtsM99w_-py3.12/lib/python3.12/site-packages/django/template/base.py", line 163, in _render
    return self.nodelist.render(context)
           ^^^^^^^^^^^^^^^^^^^^^^^^^^^^^
  File "/Users/olgafilova/Library/Caches/pypoetry/virtualenvs/djangohillel-FtsM99w_-py3.12/lib/python3.12/site-packages/django/template/base.py", line 1016, in render
    return SafeString("".join([node.render_annotated(context) for node in self]))
                               ^^^^^^^^^^^^^^^^^^^^^^^^^^^^^^
  File "/Users/olgafilova/Library/Caches/pypoetry/virtualenvs/djangohillel-FtsM99w_-py3.12/lib/python3.12/site-packages/django/template/base.py", line 977, in render_annotated
    return self.render(context)
           ^^^^^^^^^^^^^^^^^^^^
  File "/Users/olgafilova/Library/Caches/pypoetry/virtualenvs/djangohillel-FtsM99w_-py3.12/lib/python3.12/site-packages/django/template/loader_tags.py", line 159, in render
    return compiled_parent._render(context)
           ^^^^^^^^^^^^^^^^^^^^^^^^^^^^^^^^
  File "/Users/olgafilova/Library/Caches/pypoetry/virtualenvs/djangohillel-FtsM99w_-py3.12/lib/python3.12/site-packages/django/template/base.py", line 163, in _render
    return self.nodelist.render(context)
           ^^^^^^^^^^^^^^^^^^^^^^^^^^^^^
  File "/Users/olgafilova/Library/Caches/pypoetry/virtualenvs/djangohillel-FtsM99w_-py3.12/lib/python3.12/site-packages/django/template/base.py", line 1016, in render
    return SafeString("".join([node.render_annotated(context) for node in self]))
                               ^^^^^^^^^^^^^^^^^^^^^^^^^^^^^^
  File "/Users/olgafilova/Library/Caches/pypoetry/virtualenvs/djangohillel-FtsM99w_-py3.12/lib/python3.12/site-packages/django/template/base.py", line 977, in render_annotated
    return self.render(context)
           ^^^^^^^^^^^^^^^^^^^^
  File "/Users/olgafilova/Library/Caches/pypoetry/virtualenvs/djangohillel-FtsM99w_-py3.12/lib/python3.12/site-packages/django/template/loader_tags.py", line 65, in render
    result = block.nodelist.render(context)
             ^^^^^^^^^^^^^^^^^^^^^^^^^^^^^^
  File "/Users/olgafilova/Library/Caches/pypoetry/virtualenvs/djangohillel-FtsM99w_-py3.12/lib/python3.12/site-packages/django/template/base.py", line 1016, in render
    return SafeString("".join([node.render_annotated(context) for node in self]))
                               ^^^^^^^^^^^^^^^^^^^^^^^^^^^^^^
  File "/Users/olgafilova/Library/Caches/pypoetry/virtualenvs/djangohillel-FtsM99w_-py3.12/lib/python3.12/site-packages/django/template/base.py", line 977, in render_annotated
    return self.render(context)
           ^^^^^^^^^^^^^^^^^^^^
  File "/Users/olgafilova/Library/Caches/pypoetry/virtualenvs/djangohillel-FtsM99w_-py3.12/lib/python3.12/site-packages/django/templatetags/cache.py", line 53, in render
    value = self.nodelist.render(context)
            ^^^^^^^^^^^^^^^^^^^^^^^^^^^^^
  File "/Users/olgafilova/Library/Caches/pypoetry/virtualenvs/djangohillel-FtsM99w_-py3.12/lib/python3.12/site-packages/django/template/base.py", line 1016, in render
    return SafeString("".join([node.render_annotated(context) for node in self]))
                               ^^^^^^^^^^^^^^^^^^^^^^^^^^^^^^
  File "/Users/olgafilova/Library/Caches/pypoetry/virtualenvs/djangohillel-FtsM99w_-py3.12/lib/python3.12/site-packages/django/template/base.py", line 977, in render_annotated
    return self.render(context)
           ^^^^^^^^^^^^^^^^^^^^
  File "/Users/olgafilova/Library/Caches/pypoetry/virtualenvs/djangohillel-FtsM99w_-py3.12/lib/python3.12/site-packages/django/template/defaulttags.py", line 199, in render
    len_values = len(values)
                 ^^^^^^^^^^^
  File "/Users/olgafilova/Library/Caches/pypoetry/virtualenvs/djangohillel-FtsM99w_-py3.12/lib/python3.12/site-packages/django/db/models/query.py", line 366, in __len__
    self._fetch_all()
  File "/Users/olgafilova/Library/Caches/pypoetry/virtualenvs/djangohillel-FtsM99w_-py3.12/lib/python3.12/site-packages/django/db/models/query.py", line 1935, in _fetch_all
    self._result_cache = list(self._iterable_class(self))
                         ^^^^^^^^^^^^^^^^^^^^^^^^^^^^^^^^
  File "/Users/olgafilova/Library/Caches/pypoetry/virtualenvs/djangohillel-FtsM99w_-py3.12/lib/python3.12/site-packages/django/db/models/query.py", line 91, in __iter__
    results = compiler.execute_sql(
              ^^^^^^^^^^^^^^^^^^^^^
  File "/Users/olgafilova/Library/Caches/pypoetry/virtualenvs/djangohillel-FtsM99w_-py3.12/lib/python3.12/site-packages/django/db/models/sql/compiler.py", line 1622, in execute_sql
    cursor.execute(sql, params)
  File "/Users/olgafilova/Library/Caches/pypoetry/virtualenvs/djangohillel-FtsM99w_-py3.12/lib/python3.12/site-packages/django/db/backends/utils.py", line 122, in execute
    return super().execute(sql, params)
           ^^^^^^^^^^^^^^^^^^^^^^^^^^^^
  File "/Users/olgafilova/Library/Caches/pypoetry/virtualenvs/djangohillel-FtsM99w_-py3.12/lib/python3.12/site-packages/django/db/backends/utils.py", line 79, in execute
    return self._execute_with_wrappers(
           ^^^^^^^^^^^^^^^^^^^^^^^^^^^^
  File "/Users/olgafilova/Library/Caches/pypoetry/virtualenvs/djangohillel-FtsM99w_-py3.12/lib/python3.12/site-packages/django/db/backends/utils.py", line 92, in _execute_with_wrappers
    return executor(sql, params, many, context)
           ^^^^^^^^^^^^^^^^^^^^^^^^^^^^^^^^^^^^
  File "/Users/olgafilova/Library/Caches/pypoetry/virtualenvs/djangohillel-FtsM99w_-py3.12/lib/python3.12/site-packages/django/db/backends/utils.py", line 100, in _execute
    with self.db.wrap_database_errors:
  File "/Users/olgafilova/Library/Caches/pypoetry/virtualenvs/djangohillel-FtsM99w_-py3.12/lib/python3.12/site-packages/django/db/utils.py", line 91, in __exit__
    raise dj_exc_value.with_traceback(traceback) from exc_value
  File "/Users/olgafilova/Library/Caches/pypoetry/virtualenvs/djangohillel-FtsM99w_-py3.12/lib/python3.12/site-packages/django/db/backends/utils.py", line 105, in _execute
    return self.cursor.execute(sql, params)
           ^^^^^^^^^^^^^^^^^^^^^^^^^^^^^^^^
  File "/Users/olgafilova/Library/Caches/pypoetry/virtualenvs/djangohillel-FtsM99w_-py3.12/lib/python3.12/site-packages/django/db/backends/sqlite3/base.py", line 360, in execute
    return super().execute(query, params)
           ^^^^^^^^^^^^^^^^^^^^^^^^^^^^^^
django.db.utils.OperationalError: no such table: first_app_employee
ERROR: 2025-06-24 20:13:42,699 | signals | Message: Error while process request /en/accounts/login/: 
Traceback (most recent call last):
  File "/Users/olgafilova/Library/Caches/pypoetry/virtualenvs/djangohillel-FtsM99w_-py3.12/lib/python3.12/site-packages/django/core/handlers/exception.py", line 55, in inner
    response = get_response(request)
               ^^^^^^^^^^^^^^^^^^^^^
  File "/Users/olgafilova/Library/Caches/pypoetry/virtualenvs/djangohillel-FtsM99w_-py3.12/lib/python3.12/site-packages/django/core/handlers/base.py", line 220, in _get_response
    response = response.render()
               ^^^^^^^^^^^^^^^^^
  File "/Users/olgafilova/Library/Caches/pypoetry/virtualenvs/djangohillel-FtsM99w_-py3.12/lib/python3.12/site-packages/django/template/response.py", line 114, in render
    self.content = self.rendered_content
                   ^^^^^^^^^^^^^^^^^^^^^
  File "/Users/olgafilova/Library/Caches/pypoetry/virtualenvs/djangohillel-FtsM99w_-py3.12/lib/python3.12/site-packages/django/template/response.py", line 92, in rendered_content
    return template.render(context, self._request)
           ^^^^^^^^^^^^^^^^^^^^^^^^^^^^^^^^^^^^^^^
  File "/Users/olgafilova/Library/Caches/pypoetry/virtualenvs/djangohillel-FtsM99w_-py3.12/lib/python3.12/site-packages/django/template/backends/django.py", line 107, in render
    return self.template.render(context)
           ^^^^^^^^^^^^^^^^^^^^^^^^^^^^^
  File "/Users/olgafilova/Library/Caches/pypoetry/virtualenvs/djangohillel-FtsM99w_-py3.12/lib/python3.12/site-packages/django/template/base.py", line 171, in render
    return self._render(context)
           ^^^^^^^^^^^^^^^^^^^^^
  File "/Users/olgafilova/Library/Caches/pypoetry/virtualenvs/djangohillel-FtsM99w_-py3.12/lib/python3.12/site-packages/django/template/base.py", line 163, in _render
    return self.nodelist.render(context)
           ^^^^^^^^^^^^^^^^^^^^^^^^^^^^^
  File "/Users/olgafilova/Library/Caches/pypoetry/virtualenvs/djangohillel-FtsM99w_-py3.12/lib/python3.12/site-packages/django/template/base.py", line 1016, in render
    return SafeString("".join([node.render_annotated(context) for node in self]))
                               ^^^^^^^^^^^^^^^^^^^^^^^^^^^^^^
  File "/Users/olgafilova/Library/Caches/pypoetry/virtualenvs/djangohillel-FtsM99w_-py3.12/lib/python3.12/site-packages/django/template/base.py", line 977, in render_annotated
    return self.render(context)
           ^^^^^^^^^^^^^^^^^^^^
  File "/Users/olgafilova/Library/Caches/pypoetry/virtualenvs/djangohillel-FtsM99w_-py3.12/lib/python3.12/site-packages/django/template/loader_tags.py", line 159, in render
    return compiled_parent._render(context)
           ^^^^^^^^^^^^^^^^^^^^^^^^^^^^^^^^
  File "/Users/olgafilova/Library/Caches/pypoetry/virtualenvs/djangohillel-FtsM99w_-py3.12/lib/python3.12/site-packages/django/template/base.py", line 163, in _render
    return self.nodelist.render(context)
           ^^^^^^^^^^^^^^^^^^^^^^^^^^^^^
  File "/Users/olgafilova/Library/Caches/pypoetry/virtualenvs/djangohillel-FtsM99w_-py3.12/lib/python3.12/site-packages/django/template/base.py", line 1016, in render
    return SafeString("".join([node.render_annotated(context) for node in self]))
                               ^^^^^^^^^^^^^^^^^^^^^^^^^^^^^^
  File "/Users/olgafilova/Library/Caches/pypoetry/virtualenvs/djangohillel-FtsM99w_-py3.12/lib/python3.12/site-packages/django/template/base.py", line 977, in render_annotated
    return self.render(context)
           ^^^^^^^^^^^^^^^^^^^^
  File "/Users/olgafilova/Library/Caches/pypoetry/virtualenvs/djangohillel-FtsM99w_-py3.12/lib/python3.12/site-packages/django/template/loader_tags.py", line 65, in render
    result = block.nodelist.render(context)
             ^^^^^^^^^^^^^^^^^^^^^^^^^^^^^^
  File "/Users/olgafilova/Library/Caches/pypoetry/virtualenvs/djangohillel-FtsM99w_-py3.12/lib/python3.12/site-packages/django/template/base.py", line 1016, in render
    return SafeString("".join([node.render_annotated(context) for node in self]))
                               ^^^^^^^^^^^^^^^^^^^^^^^^^^^^^^
  File "/Users/olgafilova/Library/Caches/pypoetry/virtualenvs/djangohillel-FtsM99w_-py3.12/lib/python3.12/site-packages/django/template/base.py", line 977, in render_annotated
    return self.render(context)
           ^^^^^^^^^^^^^^^^^^^^
  File "/Users/olgafilova/Library/Caches/pypoetry/virtualenvs/djangohillel-FtsM99w_-py3.12/lib/python3.12/site-packages/django/template/defaulttags.py", line 480, in render
    url = reverse(view_name, args=args, kwargs=kwargs, current_app=current_app)
          ^^^^^^^^^^^^^^^^^^^^^^^^^^^^^^^^^^^^^^^^^^^^^^^^^^^^^^^^^^^^^^^^^^^^^
  File "/Users/olgafilova/Library/Caches/pypoetry/virtualenvs/djangohillel-FtsM99w_-py3.12/lib/python3.12/site-packages/django/urls/base.py", line 98, in reverse
    resolved_url = resolver._reverse_with_prefix(view, prefix, *args, **kwargs)
                   ^^^^^^^^^^^^^^^^^^^^^^^^^^^^^^^^^^^^^^^^^^^^^^^^^^^^^^^^^^^^
  File "/Users/olgafilova/Library/Caches/pypoetry/virtualenvs/djangohillel-FtsM99w_-py3.12/lib/python3.12/site-packages/django/urls/resolvers.py", line 831, in _reverse_with_prefix
    raise NoReverseMatch(msg)
django.urls.exceptions.NoReverseMatch: Reverse for 'password_reset' not found. 'password_reset' is not a valid view function or pattern name.
